
> vns-masakinihirota@0.25.0 build U:\2026src\vns-masakinihirota.worktrees\anti
> next build

[baseline-browser-mapping] The data in this module is over two months old.  To ensure accurate Baseline data, please update: `npm i baseline-browser-mapping@latest -D`
   笆ｲ Next.js 16.0.10 (Turbopack)
   - Environments: .env.local, .env

   Creating an optimized production build ...
[baseline-browser-mapping] The data in this module is over two months old.  To ensure accurate Baseline data, please update: `npm i baseline-browser-mapping@latest -D`
[baseline-browser-mapping] The data in this module is over two months old.  To ensure accurate Baseline data, please update: `npm i baseline-browser-mapping@latest -D`
 笨・Compiled successfully in 20.5s
   Running TypeScript ...
Failed to compile.

./tailwind.config.ts:1:1
Type error: Unused '@ts-expect-error' directive.

> 1 | // @ts-expect-error Type declaration file resolution failure for this package
    | ^
  2 | import tailwindThemePlugin from "@digital-go-jp/tailwind-theme-plugin";
  3 | import type { Config } from "tailwindcss";
  4 |
Next.js build worker exited with code: 1 and signal: null
窶右LIFECYCLE窶・Command failed with exit code 1.
