笆ｲ Next.js 16.1.6 (Turbopack)
- Environments: .env.local, .env

  Creating an optimized production build ...
Turbopack build encountered 1 warnings:
./src/lib/logger/transports.ts:22:22
Module not found: Can't resolve '@sentry/nextjs'
  20 |   if (typeof window === "undefined" && process.env.NODE_ENV === "production") {
  21 |     try {
> 22 |       sentryModule = require("@sentry/nextjs");
     |                      ^^^^^^^^^^^^^^^^^^^^^^^^^
  23 |     } catch (error) {
  24 |       // Sentry 縺後う繝ｳ繧ｹ繝医・繝ｫ縺輔ｌ縺ｦ縺・↑縺・ｴ蜷医・ gracefully skip
  25 |       console.warn("Sentry not available, continuing without error tracking");



Import traces:
  App Route:
    ./src/lib/logger/transports.ts
    ./src/lib/logger/index.ts
    ./src/app/api/health/route.ts

  Middleware:
    ./src/lib/logger/transports.ts
    ./src/lib/logger/index.ts
    ./src/proxy.ts

  Client Component Browser:
    ./src/lib/logger/transports.ts [Client Component Browser]
    ./src/lib/logger/index.ts [Client Component Browser]
    ./src/app/global-error.tsx [Client Component Browser]
    ./src/app/global-error.tsx [Server Component]

  Server Component:
    ./src/lib/logger/transports.ts
    ./src/lib/logger/index.ts
    ./src/lib/auth/setup-root-account.ts
    ./src/app/auth/setup-root-account/page.tsx

  Client Component SSR:
    ./src/lib/logger/transports.ts [Client Component SSR]
    ./src/lib/logger/index.ts [Client Component SSR]
    ./src/components/error-boundary.tsx [Client Component SSR]
    ./src/app/(protected)/error.tsx [Client Component SSR]
    ./src/app/(protected)/error.tsx [Server Component]

https://nextjs.org/docs/messages/module-not-found



> Build error occurred
Error: Turbopack build failed with 2 errors:
./src/components/onboarding-trial/index.ts:1:1
Module not found: Can't resolve './onboarding-flow.container'
> 1 | export { OnboardingFlowContainer as OnboardingFlow } from "./onboarding-flow.container";
    | ^^^^^^^^^^^^^^^^^^^^^^^^^^^^^^^^^^^^^^^^^^^^^^^^^^^^^^^^^^^^^^^^^^^^^^^^^^^^^^^^^^^^^^^^
  2 | export { useOnboardingLogic } from "./onboarding-flow.logic";
  3 |
  4 |



Import trace:
  Server Component:
    ./src/components/onboarding-trial/index.ts
    ./src/app/(trial)/onboarding-trial/page.tsx

https://nextjs.org/docs/messages/module-not-found


./src/components/onboarding-trial/index.ts:2:1
Module not found: Can't resolve './onboarding-flow.logic'
  1 | export { OnboardingFlowContainer as OnboardingFlow } from "./onboarding-flow.container";
> 2 | export { useOnboardingLogic } from "./onboarding-flow.logic";
    | ^^^^^^^^^^^^^^^^^^^^^^^^^^^^^^^^^^^^^^^^^^^^^^^^^^^^^^^^^^^^^
  3 |
  4 |



Import trace:
  Server Component:
    ./src/components/onboarding-trial/index.ts
    ./src/app/(trial)/onboarding-trial/page.tsx

https://nextjs.org/docs/messages/module-not-found


    at <unknown> (./src/components/onboarding-trial/index.ts:1:1)
    at <unknown> (https://nextjs.org/docs/messages/module-not-found)
    at <unknown> (./src/components/onboarding-trial/index.ts:2:1)
    at <unknown> (https://nextjs.org/docs/messages/module-not-found)
