
> vns-masakinihirota@0.2.0 test U:\2026src\vns-masakinihirota.worktrees\anti
> vitest "src/components/onboarding-trial/onboarding-flow/onboarding-flow.logic.test.ts" "--run"

The CJS build of Vite's Node API is deprecated. See https://vite.dev/guide/troubleshooting.html#vite-cjs-node-api-deprecated for more details.

[7m[1m[36m RUN [39m[22m[27m [36mv1.6.1[39m [90mU:/2026src/vns-masakinihirota.worktrees/anti[39m

 [33m笶ｯ[39m src/components/onboarding-trial/onboarding-flow/onboarding-flow.logic.test.ts [2m ([22m[2m4 tests[22m [2m|[22m [31m1 failed[39m[2m)[22m[90m 24[2mms[22m[39m
[31m   [33m笶ｯ[31m src/components/onboarding-trial/onboarding-flow/onboarding-flow.logic.test.ts[2m > [22museOnboardingLogic[2m > [22m蜷榊燕繧堤｢ｺ螳壹☆繧九→ experience 逕ｻ髱｢縺ｸ驕ｷ遘ｻ縺励〕ocalStorage 縺ｫ菫晏ｭ倥＆繧後ｋ縺薙→[39m
[31m     竊・expected null to be '轣ｰ濶ｲ縺ｮ霈昴″縺ｮ迯・ｭ仙ｺｧ' // Object.is equality[39m

竡ｯ竡ｯ竡ｯ竡ｯ竡ｯ竡ｯ竡ｯ Failed Tests 1 竡ｯ竡ｯ竡ｯ竡ｯ竡ｯ竡ｯ竡ｯ

 FAIL  src/components/onboarding-trial/onboarding-flow/onboarding-flow.logic.test.ts > useOnboardingLogic > 蜷榊燕繧堤｢ｺ螳壹☆繧九→ experience 逕ｻ髱｢縺ｸ驕ｷ遘ｻ縺励〕ocalStorage 縺ｫ菫晏ｭ倥＆繧後ｋ縺薙→
AssertionError: expected null to be '轣ｰ濶ｲ縺ｮ霈昴″縺ｮ迯・ｭ仙ｺｧ' // Object.is equality

- Expected: 
"轣ｰ濶ｲ縺ｮ霈昴″縺ｮ迯・ｭ仙ｺｧ"

+ Received: 
null

 笶ｯ src/components/onboarding-trial/onboarding-flow/onboarding-flow.logic.test.ts:59:42
     57|       result.current.handleFinalConfirm();
     58|     });
     59|     expect(result.current.confirmedName).toBe(candidate);
       |                                          ^
     60|     expect(result.current.view).toBe('experience');
     61|     expect(localStorageMock.setItem).toHaveBeenCalled();

竡ｯ竡ｯ竡ｯ竡ｯ竡ｯ竡ｯ竡ｯ竡ｯ竡ｯ竡ｯ竡ｯ竡ｯ竡ｯ竡ｯ竡ｯ竡ｯ竡ｯ竡ｯ竡ｯ竡ｯ竡ｯ竡ｯ竡ｯ竡ｯ[1/1]竡ｯ

[2m Test Files [22m [1m[31m1 failed[39m[22m[90m (1)[39m
[2m      Tests [22m [1m[31m1 failed[39m[22m[2m | [22m[1m[32m3 passed[39m[22m[90m (4)[39m
[2m   Start at [22m 16:45:18
[2m   Duration [22m 2.08s[2m (transform 773ms, setup 1.10s, collect 48ms, tests 24ms, environment 270ms, prepare 178ms)[22m

窶右LIFECYCLE窶・Test failed. See above for more details.
